
Linker Version 8.7.7.190806
Input Object File: C:\HT-3000\UC_F5660\UC_F5660_MAIN.OBJ
Input Object File: C:\HT-3000\UC_F5660\STARTUP1_L.OBJ
Input Object File: C:\HT-3000\UC_F5660\UC_I2C.OBJ
Input Object File: C:\HT-3000\UC_F5660\HT8_TIMEBASE.OBJ
Input Object File: C:\HT-3000\UC_F5660\HT8_IT.OBJ

Input Library File: D:\HT-IDE3000_original_file\HT-IDE3000V8.x\HT-IDE3000V8.x\LIB\LIBHOLTEKGCC.LIB
Input Library File: D:\HT-IDE3000_original_file\HT-IDE3000V8.x\HT-IDE3000V8.x\LIB\v3_lmrmc.lib


     Bank    Start     End      Length     Class    AvgIns    Name
     00h     0000h     0001h    0002h      CODE               @code (C:\HT-3000\UC_F5660\UC_F5660_MAIN.OBJ)
     00h     0004h     0004h    0001h      CODE               @INT0_ISR_code (C:\HT-3000\UC_F5660\HT8_IT.OBJ)
     00h     0005h     0007h    0003h      CODE               _CROM2PROM (CROM2PROM)
     00h     0008h     0008h    0001h      CODE               @INT1_ISR_code (C:\HT-3000\UC_F5660\HT8_IT.OBJ)
     00h     000ch     000ch    0001h      CODE               @Timer0_ISR_code (C:\HT-3000\UC_F5660\HT8_IT.OBJ)
     00h     0010h     0010h    0001h      CODE               @ADC_ISR_code (C:\HT-3000\UC_F5660\HT8_IT.OBJ)
     00h     0014h     0014h    0001h      CODE               @TB0_ISR_code (C:\HT-3000\UC_F5660\HT8_IT.OBJ)
     00h     0018h     0018h    0001h      CODE               @TB1_ISR_code (C:\HT-3000\UC_F5660\HT8_IT.OBJ)
     00h     001ch     001ch    0001h      CODE               @LVD_EEPROM_UART_SIM_ISR_code (C:\HT-3000\UC_F5660\HT8_IT.OBJ)
     00h     0020h     0020h    0001h      CODE               @I2CTO_Timer1_ISR_code (C:\HT-3000\UC_F5660\HT8_IT.OBJ)
     00h     0024h     0024h    0001h      CODE               @Timer2_Timer3_ISR_code (C:\HT-3000\UC_F5660\HT8_IT.OBJ)
     00h     0028h     0028h    0001h      CODE               @COMP0_ISR_code (C:\HT-3000\UC_F5660\HT8_IT.OBJ)
     00h     002ch     002ch    0001h      CODE               @COMP1_ISR_code (C:\HT-3000\UC_F5660\HT8_IT.OBJ)
     00h     0030h     0030h    0001h      CODE               @INT2_ISR_code (C:\HT-3000\UC_F5660\HT8_IT.OBJ)
     00h     0034h     0034h    0001h      CODE               @INT3_ISR_code (C:\HT-3000\UC_F5660\HT8_IT.OBJ)
     00h     0035h     0057h    0023h      CODE               @start (C:\HT-3000\UC_F5660\UC_F5660_MAIN.OBJ)
     00h     0058h     0061h    000ah      CODE               __DELAYX (D:\HT-IDE3000_original_file\HT-IDE3000V8.x\HT-IDE3000V8.x\LIB\LIBHOLTEKGCC.LIB)
     00h     0062h     006dh    000ch      CODE               _i2c_stop (C:\HT-3000\UC_F5660\UC_I2C.OBJ)
     00h     006eh     0080h    0013h      CODE               _i2c_read_ACK (C:\HT-3000\UC_F5660\UC_I2C.OBJ)
     00h     0081h     00b5h    0035h      CODE               _i2c_write (C:\HT-3000\UC_F5660\UC_I2C.OBJ)
     00h     00b6h     00bch    0007h      CODE               _i2c_start (C:\HT-3000\UC_F5660\UC_I2C.OBJ)
     00h     00bdh     00dbh    001fh      CODE               _blank (C:\HT-3000\UC_F5660\UC_F5660_MAIN.OBJ)
     00h     00dch     0128h    004dh      CODE               _show (C:\HT-3000\UC_F5660\UC_F5660_MAIN.OBJ)
     00h     0129h     0142h    001ah      CODE               _LED_all_TURN_ON (C:\HT-3000\UC_F5660\UC_F5660_MAIN.OBJ)
     00h     0143h     015ch    001ah      CODE               _HT16K33_LED_RAM_Clear (C:\HT-3000\UC_F5660\UC_F5660_MAIN.OBJ)
     00h     015dh     0164h    0008h      CODE               _i2c_init (C:\HT-3000\UC_F5660\UC_I2C.OBJ)
     00h     0165h     01dah    0076h      CODE               _init_HT16K33 (C:\HT-3000\UC_F5660\UC_F5660_MAIN.OBJ)
     00h     01dbh     01e2h    0008h      CODE               _UC_HT16K33 (C:\HT-3000\UC_F5660\UC_F5660_MAIN.OBJ)
     00h     01e3h     01edh    000bh      CODE               _System_Clock_Init (C:\HT-3000\UC_F5660\HT8_TIMEBASE.OBJ)
     00h     01eeh     01f3h    0006h      CODE               _main (C:\HT-3000\UC_F5660\UC_F5660_MAIN.OBJ)
     00h     01f4h     01f8h    0005h      CODE               @ROMDATA_BASE (C:\HT-3000\UC_F5660\STARTUP1_L.OBJ)
     00h     0080h     0080h    0001h      DATA     44        @data_ra (D:\HT-IDE3000_original_file\HT-IDE3000V8.x\HT-IDE3000V8.x\LIB\LIBHOLTEKGCC.LIB)
     00h     0081h     0081h    0001h      DATA     15        @data_rb (D:\HT-IDE3000_original_file\HT-IDE3000V8.x\HT-IDE3000V8.x\LIB\LIBHOLTEKGCC.LIB)
     00h     0082h     0082h    0001h      DATA     14        @data_rc (D:\HT-IDE3000_original_file\HT-IDE3000V8.x\HT-IDE3000V8.x\LIB\LIBHOLTEKGCC.LIB)
     00h     0083h     0083h    0001h      DATA     2         @data_rd (D:\HT-IDE3000_original_file\HT-IDE3000V8.x\HT-IDE3000V8.x\LIB\LIBHOLTEKGCC.LIB)
     00h     0084h     0084h    0001h      DATA     2         @data_re (D:\HT-IDE3000_original_file\HT-IDE3000V8.x\HT-IDE3000V8.x\LIB\LIBHOLTEKGCC.LIB)
     00h     008ah     008ah    0001h      DATA     10        @HCCINIT_CheckAddressCnt (C:\HT-3000\UC_F5660\UC_F5660_MAIN.OBJ)
     00h     008bh     008bh    0001h      DATA     2         @HCCINIT_CheckStateSDA (C:\HT-3000\UC_F5660\UC_I2C.OBJ)
     00h     008ch     008ch    0001h      DATA     2         @HCCINIT_CheckStateSCL (C:\HT-3000\UC_F5660\UC_I2C.OBJ)
     00h     008dh     008dh    0001h      DATA     2         @HCCINIT_ACK (C:\HT-3000\UC_F5660\UC_I2C.OBJ)
     00h     008eh     009dh    0010h      DATA     0.9375    @HCCINIT0_display_Buffer (C:\HT-3000\UC_F5660\UC_F5660_MAIN.OBJ)

     Local Sections

     Bank    Start     End      Length     Class    AvgIns    Name
     00h     008ah     008ah    0000h      LOCAL    0         @dummy (C:\HT-3000\UC_F5660\UC_F5660_MAIN.OBJ)
     00h     008ah     008ah    0000h      LOCAL    0         _main (C:\HT-3000\UC_F5660\UC_F5660_MAIN.OBJ)
     00h     0085h     0085h    0000h      LOCAL    0         _System_Clock_Init (C:\HT-3000\UC_F5660\HT8_TIMEBASE.OBJ)
     00h     008ah     008ah    0000h      LOCAL    0         _UC_HT16K33 (C:\HT-3000\UC_F5660\UC_F5660_MAIN.OBJ)
     00h     0086h     0086h    0001h      LOCAL    12        _init_HT16K33 (C:\HT-3000\UC_F5660\UC_F5660_MAIN.OBJ)
     00h     0085h     0085h    0000h      LOCAL    0         _i2c_init (C:\HT-3000\UC_F5660\UC_I2C.OBJ)
     00h     0085h     0085h    0000h      LOCAL    0         _i2c_start (C:\HT-3000\UC_F5660\UC_I2C.OBJ)
     00h     0085h     0085h    0001h      LOCAL    4         _i2c_write (C:\HT-3000\UC_F5660\UC_I2C.OBJ)
     00h     0085h     0085h    0000h      LOCAL    0         _i2c_read_ACK (C:\HT-3000\UC_F5660\UC_I2C.OBJ)
     00h     0085h     0085h    0000h      LOCAL    0         __DELAYX (D:\HT-IDE3000_original_file\HT-IDE3000V8.x\HT-IDE3000V8.x\LIB\LIBHOLTEKGCC.LIB)
     00h     0085h     0085h    0000h      LOCAL    0         _i2c_stop (C:\HT-3000\UC_F5660\UC_I2C.OBJ)
     00h     008ah     008ah    0000h      LOCAL    0         _HT16K33_LED_RAM_Clear (C:\HT-3000\UC_F5660\UC_F5660_MAIN.OBJ)
     00h     0086h     0089h    0004h      LOCAL    3.5       _show (C:\HT-3000\UC_F5660\UC_F5660_MAIN.OBJ)
     00h     0085h     0085h    0000h      LOCAL    0         _Crom2Prom (CROM2PROM)
     00h     008ah     008ah    0000h      LOCAL    0         _LED_all_TURN_ON (C:\HT-3000\UC_F5660\UC_F5660_MAIN.OBJ)
     00h     0086h     0086h    0000h      LOCAL    0         _blank (C:\HT-3000\UC_F5660\UC_F5660_MAIN.OBJ)

     Public Symbols Information
     Address            Public by Name
     008dh              _ACK
     0010h              _ADC_ISR
     0028h              _COMP0_ISR
     002ch              _COMP1_ISR
     008ah              _CheckAddressCnt
     0006h              _Crom2Prom
     0005h              _Crom2PromNext
     0143h              _HT16K33_LED_RAM_Clear
     0020h              _I2CTO_Timer1_ISR
     0004h              _INT0_ISR
     0008h              _INT1_ISR
     0030h              _INT2_ISR
     0034h              _INT3_ISR
     0129h              _LED_all_TURN_ON
     001ch              _LVD_EEPROM_UART_SIM_ISR
     01e3h              _System_Clock_Init
     0014h              _TB0_ISR
     0018h              _TB1_ISR
     000ch              _Timer0_ISR
     0024h              _Timer2_Timer3_ISR
     01dbh              _UC_HT16K33
     005eh              __DELAYX0
     005dh              __DELAYX1
     005ch              __DELAYX2
     005bh              __DELAYX3
     005ah              __DELAYX4
     0059h              __DELAYX5
     0058h              __DELAYX6
     00bdh              _blank
     015dh              _i2c_init
     006eh              _i2c_read_ACK
     00b6h              _i2c_start
     0062h              _i2c_stop
     0081h              _i2c_write
     0165h              _init_HT16K33
     01eeh              _main
     00dch              _show
     0080h              ra
     0081h              rb
     0082h              rc
     0083h              rd
     0084h              re
     01f3h              startup_value_1

     Address            Public by Value
     0004h              _INT0_ISR
     0005h              _Crom2PromNext
     0006h              _Crom2Prom
     0008h              _INT1_ISR
     000ch              _Timer0_ISR
     0010h              _ADC_ISR
     0014h              _TB0_ISR
     0018h              _TB1_ISR
     001ch              _LVD_EEPROM_UART_SIM_ISR
     0020h              _I2CTO_Timer1_ISR
     0024h              _Timer2_Timer3_ISR
     0028h              _COMP0_ISR
     002ch              _COMP1_ISR
     0030h              _INT2_ISR
     0034h              _INT3_ISR
     0058h              __DELAYX6
     0059h              __DELAYX5
     005ah              __DELAYX4
     005bh              __DELAYX3
     005ch              __DELAYX2
     005dh              __DELAYX1
     005eh              __DELAYX0
     0062h              _i2c_stop
     006eh              _i2c_read_ACK
     0080h              ra
     0081h              _i2c_write
     0081h              rb
     0082h              rc
     0083h              rd
     0084h              re
     008ah              _CheckAddressCnt
     008dh              _ACK
     00b6h              _i2c_start
     00bdh              _blank
     00dch              _show
     0129h              _LED_all_TURN_ON
     0143h              _HT16K33_LED_RAM_Clear
     015dh              _i2c_init
     0165h              _init_HT16K33
     01dbh              _UC_HT16K33
     01e3h              _System_Clock_Init
     01eeh              _main
     01f3h              startup_value_1


ROM Usage Statistics
    Bank      Size      Used     Percentage
     00h       2000h     01d6h    5%
     01h       2000h     0000h    0%
     Total     4000h     01d6h    2%

RAM Usage Statistics
    Bank      Size      Used     Percentage
     00h       0080h     001eh    23%
     02h       0080h     0000h    0%
     03h       0080h     0000h    0%
     04h       0080h     0000h    0%
     05h       0080h     0000h    0%
     06h       0080h     0000h    0%
     07h       0080h     0000h    0%
     08h       0080h     0000h    0%
     Total     0400h     001eh    2%

Use Stack Count
_LED_COM5_TUR_ON: 2
_main: 5

Call Tree
    _LED_COM5_TUR_ON
        _i2c_start (0)
        _i2c_write (0)
        _i2c_read_ACK (0)
            __DELAYX (1)
        _i2c_stop (0)
        __DELAYX (0)
    @dummy
        _main (0)
            _System_Clock_Init (1)
            _UC_HT16K33 (1)
                _init_HT16K33 (2)
                    _i2c_init (3)
                    _i2c_start (3)
                    _i2c_write (3)
                    _i2c_read_ACK (3)
                        __DELAYX (4)
                    _i2c_stop (3)
                    __DELAYX (3)
                _HT16K33_LED_RAM_Clear (2)
                    _show (3)
                        _i2c_start (4)
                        _i2c_write (4)
                        _i2c_read_ACK (4)
                            __DELAYX (5)
                        _Crom2Prom (4)
                        _Crom2Prom (4)
                        _i2c_stop (4)
                        __DELAYX (4)
                _LED_all_TURN_ON (2)
                    _show (3)
                        _i2c_start (4)
                        _i2c_write (4)
                        _i2c_read_ACK (4)
                            __DELAYX (5)
                        _Crom2Prom (4)
                        _Crom2Prom (4)
                        _i2c_stop (4)
                        __DELAYX (4)
                _blank (2)
                    _i2c_start (3)
                    _i2c_write (3)
                    _i2c_read_ACK (3)
                        __DELAYX (4)
                    _i2c_stop (3)
                    __DELAYX (3)

HLINK: Program entry point at section '@code' (address 0) of file 'C:\HT-3000\UC_F5660\UC_F5660_MAIN.OBJ'

Total 0 error(s), Total 0 Warning(s)
